
> mediahouse-server@1.0.0 start
> node dist/index.js

[dotenv@17.1.0] injecting env (0) from .env (tip: 🔐 encrypt with dotenvx: https://dotenvx.com)
Server running on port 3000
[tokenRequired] Checking token in request...
[tokenRequired] Authorization header found:
[tokenRequired] Token extracted: eyJhbGciOiJSUzI1NiIsImtpZCI6IjMyODIzNDA3ODA3NzcxNDQzNSIsInR5cCI6IkpXVCJ9.eyJhdWQiOlsiMzI4MTIzMTk3Mjg5Mzk4Mjc1Il0sImNsaWVudF9pZCI6ImxvaXNsYW5lIiwiZXhwIjoxNzUyMTg2MTMxLCJpYXQiOjE3NTIxNDI5MzIsImlzcyI6Imh0dHA6Ly9kYW5pLnZtLmluZnJhLmdlbm9ncmEuY29tOjgwODIiLCJqb3VybmFsaXN0OmV4cGVyaWVuY2VfbGV2ZWwiOiJjMlZ1YVc5eSIsImp0aSI6IlYyXzMyODI0MTA4Mzc1NjU3Njc3MS1hdF8zMjgyNDEwODM3NTY2NDIzMDciLCJuYmYiOjE3NTIxNDI5MzIsInN1YiI6IjMyODEyNDQ5NTQyNjQ4NjI3NSIsInVybjp6aXRhZGVsOmlhbTpvcmc6cHJvamVjdDozMjgxMjMxOTcyODkzOTgyNzU6cm9sZXMiOnsiam91cm5hbGlzdCI6eyIzMjgxMjMwMDEzNjUwNjk4MjciOiJtZWRpYWhvdXNlLmRhbmkudm0uaW5mcmEuZ2Vub2dyYS5jb20ifX0sInVybjp6aXRhZGVsOmlhbTp1c2VyOm1ldGFkYXRhIjp7ImV4cGVyaWVuY2VfbGV2ZWwiOiJjMlZ1YVc5eSJ9fQ.P7WyMAM9pSMyxZH6slcBZ6KoGXM5CTp6llcr_MWICQfDVufL0Kqcky8nZimVyNSEw2dLIN4jP0mbVb0y9nfnI1Qwil_n8JIjmjYOCfriNKwSDsj7W4_-E5B_U6uc8E5fY_GFyESfL1K0CLX-Ii4eBE7IzEdhKxYURZ_s0mL6163HTxC2IWDgENe_PX8Z96YjZZXK_s3L8sr9QBagyUmPOTYkGAZkpeyiLKxVPTYgNa9--1ZwGeqICT2NHQ2ek_3Lv7uNpEv9g6Z-uF5C-j6a4dxCzyssg7vI2OgYyLOChRXgZtbTT_vjcrJmVAcxa3PV9LcTE4T_BGaY_xtQqYl4fA
[tokenRequired] Token introspection response: {
  active: true,
  amr: [ 'pwd' ],
  aud: [ '328123197289398275' ],
  auth_time: 1752142931,
  client_id: 'loislane',
  exp: 1752186131,
  iat: 1752142931,
  iss: 'http://dani.vm.infra.genogra.com:8082',
  jti: 'V2_328241083756576771-at_328241083756642307',
  name: 'Lois Lane',
  nbf: 1752142931,
  preferred_username: 'loislane',
  scope: 'openid profile email urn:zitadel:iam:org:project:id:328123197289398275:aud urn:zitadel:iam:org:projects:roles urn:zitadel:iam:user:metadata',
  sub: '328124495426486275',
  token_type: 'Bearer',
  updated_at: 1752073459,
  'urn:zitadel:iam:org:project:328123197289398275:roles': {
    journalist: { '328123001365069827': 'mediahouse.dani.vm.infra.genogra.com' }
  },
  'urn:zitadel:iam:org:project:roles': {
    journalist: { '328123001365069827': 'mediahouse.dani.vm.infra.genogra.com' }
  },
  'urn:zitadel:iam:user:metadata': { experience_level: 'c2VuaW9y' },
  username: 'loislane'
}
[tokenRequired] Token is valid, decoding user information...
[tokenRequired] User information decoded: {
  aud: [ '328123197289398275' ],
  client_id: 'loislane',
  exp: 1752186131,
  iat: 1752142932,
  iss: 'http://dani.vm.infra.genogra.com:8082',
  'journalist:experience_level': 'c2VuaW9y',
  jti: 'V2_328241083756576771-at_328241083756642307',
  nbf: 1752142932,
  sub: '328124495426486275',
  'urn:zitadel:iam:org:project:328123197289398275:roles': {
    journalist: { '328123001365069827': 'mediahouse.dani.vm.infra.genogra.com' }
  },
  'urn:zitadel:iam:user:metadata': { experience_level: 'c2VuaW9y' }
}
[tokenRequired] User information attached to request object: {
  aud: [ '328123197289398275' ],
  client_id: 'loislane',
  exp: 1752186131,
  iat: 1752142932,
  iss: 'http://dani.vm.infra.genogra.com:8082',
  'journalist:experience_level': 'c2VuaW9y',
  jti: 'V2_328241083756576771-at_328241083756642307',
  nbf: 1752142932,
  sub: '328124495426486275',
  'urn:zitadel:iam:org:project:328123197289398275:roles': {
    journalist: { '328123001365069827': 'mediahouse.dani.vm.infra.genogra.com' }
  },
  'urn:zitadel:iam:user:metadata': { experience_level: 'c2VuaW9y' }
}
[tokenRequired] Checking token in request...
[tokenRequired] Authorization header found:
[tokenRequired] Token extracted: eyJhbGciOiJSUzI1NiIsImtpZCI6IjMyODIzNDA3ODA3NzcxNDQzNSIsInR5cCI6IkpXVCJ9.eyJhdWQiOlsiMzI4MTIzMTk3Mjg5Mzk4Mjc1Il0sImNsaWVudF9pZCI6ImxvaXNsYW5lIiwiZXhwIjoxNzUyMTg2MTMxLCJpYXQiOjE3NTIxNDI5MzIsImlzcyI6Imh0dHA6Ly9kYW5pLnZtLmluZnJhLmdlbm9ncmEuY29tOjgwODIiLCJqb3VybmFsaXN0OmV4cGVyaWVuY2VfbGV2ZWwiOiJjMlZ1YVc5eSIsImp0aSI6IlYyXzMyODI0MTA4Mzc1NjU3Njc3MS1hdF8zMjgyNDEwODM3NTY2NDIzMDciLCJuYmYiOjE3NTIxNDI5MzIsInN1YiI6IjMyODEyNDQ5NTQyNjQ4NjI3NSIsInVybjp6aXRhZGVsOmlhbTpvcmc6cHJvamVjdDozMjgxMjMxOTcyODkzOTgyNzU6cm9sZXMiOnsiam91cm5hbGlzdCI6eyIzMjgxMjMwMDEzNjUwNjk4MjciOiJtZWRpYWhvdXNlLmRhbmkudm0uaW5mcmEuZ2Vub2dyYS5jb20ifX0sInVybjp6aXRhZGVsOmlhbTp1c2VyOm1ldGFkYXRhIjp7ImV4cGVyaWVuY2VfbGV2ZWwiOiJjMlZ1YVc5eSJ9fQ.P7WyMAM9pSMyxZH6slcBZ6KoGXM5CTp6llcr_MWICQfDVufL0Kqcky8nZimVyNSEw2dLIN4jP0mbVb0y9nfnI1Qwil_n8JIjmjYOCfriNKwSDsj7W4_-E5B_U6uc8E5fY_GFyESfL1K0CLX-Ii4eBE7IzEdhKxYURZ_s0mL6163HTxC2IWDgENe_PX8Z96YjZZXK_s3L8sr9QBagyUmPOTYkGAZkpeyiLKxVPTYgNa9--1ZwGeqICT2NHQ2ek_3Lv7uNpEv9g6Z-uF5C-j6a4dxCzyssg7vI2OgYyLOChRXgZtbTT_vjcrJmVAcxa3PV9LcTE4T_BGaY_xtQqYl4fA
[tokenRequired] Token introspection response: {
  active: true,
  amr: [ 'pwd' ],
  aud: [ '328123197289398275' ],
  auth_time: 1752142931,
  client_id: 'loislane',
  exp: 1752186131,
  iat: 1752142931,
  iss: 'http://dani.vm.infra.genogra.com:8082',
  jti: 'V2_328241083756576771-at_328241083756642307',
  name: 'Lois Lane',
  nbf: 1752142931,
  preferred_username: 'loislane',
  scope: 'openid profile email urn:zitadel:iam:org:project:id:328123197289398275:aud urn:zitadel:iam:org:projects:roles urn:zitadel:iam:user:metadata',
  sub: '328124495426486275',
  token_type: 'Bearer',
  updated_at: 1752073459,
  'urn:zitadel:iam:org:project:328123197289398275:roles': {
    journalist: { '328123001365069827': 'mediahouse.dani.vm.infra.genogra.com' }
  },
  'urn:zitadel:iam:org:project:roles': {
    journalist: { '328123001365069827': 'mediahouse.dani.vm.infra.genogra.com' }
  },
  'urn:zitadel:iam:user:metadata': { experience_level: 'c2VuaW9y' },
  username: 'loislane'
}
[tokenRequired] Token is valid, decoding user information...
[tokenRequired] User information decoded: {
  aud: [ '328123197289398275' ],
  client_id: 'loislane',
  exp: 1752186131,
  iat: 1752142932,
  iss: 'http://dani.vm.infra.genogra.com:8082',
  'journalist:experience_level': 'c2VuaW9y',
  jti: 'V2_328241083756576771-at_328241083756642307',
  nbf: 1752142932,
  sub: '328124495426486275',
  'urn:zitadel:iam:org:project:328123197289398275:roles': {
    journalist: { '328123001365069827': 'mediahouse.dani.vm.infra.genogra.com' }
  },
  'urn:zitadel:iam:user:metadata': { experience_level: 'c2VuaW9y' }
}
[tokenRequired] User information attached to request object: {
  aud: [ '328123197289398275' ],
  client_id: 'loislane',
  exp: 1752186131,
  iat: 1752142932,
  iss: 'http://dani.vm.infra.genogra.com:8082',
  'journalist:experience_level': 'c2VuaW9y',
  jti: 'V2_328241083756576771-at_328241083756642307',
  nbf: 1752142932,
  sub: '328124495426486275',
  'urn:zitadel:iam:org:project:328123197289398275:roles': {
    journalist: { '328123001365069827': 'mediahouse.dani.vm.infra.genogra.com' }
  },
  'urn:zitadel:iam:user:metadata': { experience_level: 'c2VuaW9y' }
}
[tokenRequired] Checking token in request...
[tokenRequired] Authorization header found:
[tokenRequired] Token extracted: eyJhbGciOiJSUzI1NiIsImtpZCI6IjMyODIzNDA3ODA3NzcxNDQzNSIsInR5cCI6IkpXVCJ9.eyJhdWQiOlsiMzI4MTIzMTk3Mjg5Mzk4Mjc1Il0sImNsaWVudF9pZCI6ImxvaXNsYW5lIiwiZXhwIjoxNzUyMTg2MTMxLCJpYXQiOjE3NTIxNDI5MzIsImlzcyI6Imh0dHA6Ly9kYW5pLnZtLmluZnJhLmdlbm9ncmEuY29tOjgwODIiLCJqb3VybmFsaXN0OmV4cGVyaWVuY2VfbGV2ZWwiOiJjMlZ1YVc5eSIsImp0aSI6IlYyXzMyODI0MTA4Mzc1NjU3Njc3MS1hdF8zMjgyNDEwODM3NTY2NDIzMDciLCJuYmYiOjE3NTIxNDI5MzIsInN1YiI6IjMyODEyNDQ5NTQyNjQ4NjI3NSIsInVybjp6aXRhZGVsOmlhbTpvcmc6cHJvamVjdDozMjgxMjMxOTcyODkzOTgyNzU6cm9sZXMiOnsiam91cm5hbGlzdCI6eyIzMjgxMjMwMDEzNjUwNjk4MjciOiJtZWRpYWhvdXNlLmRhbmkudm0uaW5mcmEuZ2Vub2dyYS5jb20ifX0sInVybjp6aXRhZGVsOmlhbTp1c2VyOm1ldGFkYXRhIjp7ImV4cGVyaWVuY2VfbGV2ZWwiOiJjMlZ1YVc5eSJ9fQ.P7WyMAM9pSMyxZH6slcBZ6KoGXM5CTp6llcr_MWICQfDVufL0Kqcky8nZimVyNSEw2dLIN4jP0mbVb0y9nfnI1Qwil_n8JIjmjYOCfriNKwSDsj7W4_-E5B_U6uc8E5fY_GFyESfL1K0CLX-Ii4eBE7IzEdhKxYURZ_s0mL6163HTxC2IWDgENe_PX8Z96YjZZXK_s3L8sr9QBagyUmPOTYkGAZkpeyiLKxVPTYgNa9--1ZwGeqICT2NHQ2ek_3Lv7uNpEv9g6Z-uF5C-j6a4dxCzyssg7vI2OgYyLOChRXgZtbTT_vjcrJmVAcxa3PV9LcTE4T_BGaY_xtQqYl4fA
[tokenRequired] Token introspection response: {
  active: true,
  amr: [ 'pwd' ],
  aud: [ '328123197289398275' ],
  auth_time: 1752142931,
  client_id: 'loislane',
  exp: 1752186131,
  iat: 1752142931,
  iss: 'http://dani.vm.infra.genogra.com:8082',
  jti: 'V2_328241083756576771-at_328241083756642307',
  name: 'Lois Lane',
  nbf: 1752142931,
  preferred_username: 'loislane',
  scope: 'openid profile email urn:zitadel:iam:org:project:id:328123197289398275:aud urn:zitadel:iam:org:projects:roles urn:zitadel:iam:user:metadata',
  sub: '328124495426486275',
  token_type: 'Bearer',
  updated_at: 1752073459,
  'urn:zitadel:iam:org:project:328123197289398275:roles': {
    journalist: { '328123001365069827': 'mediahouse.dani.vm.infra.genogra.com' }
  },
  'urn:zitadel:iam:org:project:roles': {
    journalist: { '328123001365069827': 'mediahouse.dani.vm.infra.genogra.com' }
  },
  'urn:zitadel:iam:user:metadata': { experience_level: 'c2VuaW9y' },
  username: 'loislane'
}
[tokenRequired] Token is valid, decoding user information...
[tokenRequired] User information decoded: {
  aud: [ '328123197289398275' ],
  client_id: 'loislane',
  exp: 1752186131,
  iat: 1752142932,
  iss: 'http://dani.vm.infra.genogra.com:8082',
  'journalist:experience_level': 'c2VuaW9y',
  jti: 'V2_328241083756576771-at_328241083756642307',
  nbf: 1752142932,
  sub: '328124495426486275',
  'urn:zitadel:iam:org:project:328123197289398275:roles': {
    journalist: { '328123001365069827': 'mediahouse.dani.vm.infra.genogra.com' }
  },
  'urn:zitadel:iam:user:metadata': { experience_level: 'c2VuaW9y' }
}
[tokenRequired] User information attached to request object: {
  aud: [ '328123197289398275' ],
  client_id: 'loislane',
  exp: 1752186131,
  iat: 1752142932,
  iss: 'http://dani.vm.infra.genogra.com:8082',
  'journalist:experience_level': 'c2VuaW9y',
  jti: 'V2_328241083756576771-at_328241083756642307',
  nbf: 1752142932,
  sub: '328124495426486275',
  'urn:zitadel:iam:org:project:328123197289398275:roles': {
    journalist: { '328123001365069827': 'mediahouse.dani.vm.infra.genogra.com' }
  },
  'urn:zitadel:iam:user:metadata': { experience_level: 'c2VuaW9y' }
}
[tokenRequired] Checking token in request...
[tokenRequired] Authorization header found:
[tokenRequired] Token extracted: eyJhbGciOiJSUzI1NiIsImtpZCI6IjMyODIzNDA3ODA3NzcxNDQzNSIsInR5cCI6IkpXVCJ9.eyJhdWQiOlsiMzI4MTIzMTk3Mjg5Mzk4Mjc1Il0sImNsaWVudF9pZCI6ImxvaXNsYW5lIiwiZXhwIjoxNzUyMTg2MTMxLCJpYXQiOjE3NTIxNDI5MzIsImlzcyI6Imh0dHA6Ly9kYW5pLnZtLmluZnJhLmdlbm9ncmEuY29tOjgwODIiLCJqb3VybmFsaXN0OmV4cGVyaWVuY2VfbGV2ZWwiOiJjMlZ1YVc5eSIsImp0aSI6IlYyXzMyODI0MTA4Mzc1NjU3Njc3MS1hdF8zMjgyNDEwODM3NTY2NDIzMDciLCJuYmYiOjE3NTIxNDI5MzIsInN1YiI6IjMyODEyNDQ5NTQyNjQ4NjI3NSIsInVybjp6aXRhZGVsOmlhbTpvcmc6cHJvamVjdDozMjgxMjMxOTcyODkzOTgyNzU6cm9sZXMiOnsiam91cm5hbGlzdCI6eyIzMjgxMjMwMDEzNjUwNjk4MjciOiJtZWRpYWhvdXNlLmRhbmkudm0uaW5mcmEuZ2Vub2dyYS5jb20ifX0sInVybjp6aXRhZGVsOmlhbTp1c2VyOm1ldGFkYXRhIjp7ImV4cGVyaWVuY2VfbGV2ZWwiOiJjMlZ1YVc5eSJ9fQ.P7WyMAM9pSMyxZH6slcBZ6KoGXM5CTp6llcr_MWICQfDVufL0Kqcky8nZimVyNSEw2dLIN4jP0mbVb0y9nfnI1Qwil_n8JIjmjYOCfriNKwSDsj7W4_-E5B_U6uc8E5fY_GFyESfL1K0CLX-Ii4eBE7IzEdhKxYURZ_s0mL6163HTxC2IWDgENe_PX8Z96YjZZXK_s3L8sr9QBagyUmPOTYkGAZkpeyiLKxVPTYgNa9--1ZwGeqICT2NHQ2ek_3Lv7uNpEv9g6Z-uF5C-j6a4dxCzyssg7vI2OgYyLOChRXgZtbTT_vjcrJmVAcxa3PV9LcTE4T_BGaY_xtQqYl4fA
[tokenRequired] Token introspection response: {
  active: true,
  amr: [ 'pwd' ],
  aud: [ '328123197289398275' ],
  auth_time: 1752142931,
  client_id: 'loislane',
  exp: 1752186131,
  iat: 1752142931,
  iss: 'http://dani.vm.infra.genogra.com:8082',
  jti: 'V2_328241083756576771-at_328241083756642307',
  name: 'Lois Lane',
  nbf: 1752142931,
  preferred_username: 'loislane',
  scope: 'openid profile email urn:zitadel:iam:org:project:id:328123197289398275:aud urn:zitadel:iam:org:projects:roles urn:zitadel:iam:user:metadata',
  sub: '328124495426486275',
  token_type: 'Bearer',
  updated_at: 1752073459,
  'urn:zitadel:iam:org:project:328123197289398275:roles': {
    journalist: { '328123001365069827': 'mediahouse.dani.vm.infra.genogra.com' }
  },
  'urn:zitadel:iam:org:project:roles': {
    journalist: { '328123001365069827': 'mediahouse.dani.vm.infra.genogra.com' }
  },
  'urn:zitadel:iam:user:metadata': { experience_level: 'c2VuaW9y' },
  username: 'loislane'
}
[tokenRequired] Token is valid, decoding user information...
[tokenRequired] User information decoded: {
  aud: [ '328123197289398275' ],
  client_id: 'loislane',
  exp: 1752186131,
  iat: 1752142932,
  iss: 'http://dani.vm.infra.genogra.com:8082',
  'journalist:experience_level': 'c2VuaW9y',
  jti: 'V2_328241083756576771-at_328241083756642307',
  nbf: 1752142932,
  sub: '328124495426486275',
  'urn:zitadel:iam:org:project:328123197289398275:roles': {
    journalist: { '328123001365069827': 'mediahouse.dani.vm.infra.genogra.com' }
  },
  'urn:zitadel:iam:user:metadata': { experience_level: 'c2VuaW9y' }
}
[tokenRequired] User information attached to request object: {
  aud: [ '328123197289398275' ],
  client_id: 'loislane',
  exp: 1752186131,
  iat: 1752142932,
  iss: 'http://dani.vm.infra.genogra.com:8082',
  'journalist:experience_level': 'c2VuaW9y',
  jti: 'V2_328241083756576771-at_328241083756642307',
  nbf: 1752142932,
  sub: '328124495426486275',
  'urn:zitadel:iam:org:project:328123197289398275:roles': {
    journalist: { '328123001365069827': 'mediahouse.dani.vm.infra.genogra.com' }
  },
  'urn:zitadel:iam:user:metadata': { experience_level: 'c2VuaW9y' }
}
[tokenRequired] Checking token in request...
[tokenRequired] Authorization header found:
[tokenRequired] Token extracted: eyJhbGciOiJSUzI1NiIsImtpZCI6IjMyODIzNDA3ODA3NzcxNDQzNSIsInR5cCI6IkpXVCJ9.eyJhdWQiOlsiMzI4MTIzMTk3Mjg5Mzk4Mjc1Il0sImNsaWVudF9pZCI6ImxvaXNsYW5lIiwiZXhwIjoxNzUyMTg2MTMxLCJpYXQiOjE3NTIxNDI5MzIsImlzcyI6Imh0dHA6Ly9kYW5pLnZtLmluZnJhLmdlbm9ncmEuY29tOjgwODIiLCJqb3VybmFsaXN0OmV4cGVyaWVuY2VfbGV2ZWwiOiJjMlZ1YVc5eSIsImp0aSI6IlYyXzMyODI0MTA4Mzc1NjU3Njc3MS1hdF8zMjgyNDEwODM3NTY2NDIzMDciLCJuYmYiOjE3NTIxNDI5MzIsInN1YiI6IjMyODEyNDQ5NTQyNjQ4NjI3NSIsInVybjp6aXRhZGVsOmlhbTpvcmc6cHJvamVjdDozMjgxMjMxOTcyODkzOTgyNzU6cm9sZXMiOnsiam91cm5hbGlzdCI6eyIzMjgxMjMwMDEzNjUwNjk4MjciOiJtZWRpYWhvdXNlLmRhbmkudm0uaW5mcmEuZ2Vub2dyYS5jb20ifX0sInVybjp6aXRhZGVsOmlhbTp1c2VyOm1ldGFkYXRhIjp7ImV4cGVyaWVuY2VfbGV2ZWwiOiJjMlZ1YVc5eSJ9fQ.P7WyMAM9pSMyxZH6slcBZ6KoGXM5CTp6llcr_MWICQfDVufL0Kqcky8nZimVyNSEw2dLIN4jP0mbVb0y9nfnI1Qwil_n8JIjmjYOCfriNKwSDsj7W4_-E5B_U6uc8E5fY_GFyESfL1K0CLX-Ii4eBE7IzEdhKxYURZ_s0mL6163HTxC2IWDgENe_PX8Z96YjZZXK_s3L8sr9QBagyUmPOTYkGAZkpeyiLKxVPTYgNa9--1ZwGeqICT2NHQ2ek_3Lv7uNpEv9g6Z-uF5C-j6a4dxCzyssg7vI2OgYyLOChRXgZtbTT_vjcrJmVAcxa3PV9LcTE4T_BGaY_xtQqYl4fA
[tokenRequired] Token introspection response: {
  active: true,
  amr: [ 'pwd' ],
  aud: [ '328123197289398275' ],
  auth_time: 1752142931,
  client_id: 'loislane',
  exp: 1752186131,
  iat: 1752142931,
  iss: 'http://dani.vm.infra.genogra.com:8082',
  jti: 'V2_328241083756576771-at_328241083756642307',
  name: 'Lois Lane',
  nbf: 1752142931,
  preferred_username: 'loislane',
  scope: 'openid profile email urn:zitadel:iam:org:project:id:328123197289398275:aud urn:zitadel:iam:org:projects:roles urn:zitadel:iam:user:metadata',
  sub: '328124495426486275',
  token_type: 'Bearer',
  updated_at: 1752073459,
  'urn:zitadel:iam:org:project:328123197289398275:roles': {
    journalist: { '328123001365069827': 'mediahouse.dani.vm.infra.genogra.com' }
  },
  'urn:zitadel:iam:org:project:roles': {
    journalist: { '328123001365069827': 'mediahouse.dani.vm.infra.genogra.com' }
  },
  'urn:zitadel:iam:user:metadata': { experience_level: 'c2VuaW9y' },
  username: 'loislane'
}
[tokenRequired] Token is valid, decoding user information...
[tokenRequired] User information decoded: {
  aud: [ '328123197289398275' ],
  client_id: 'loislane',
  exp: 1752186131,
  iat: 1752142932,
  iss: 'http://dani.vm.infra.genogra.com:8082',
  'journalist:experience_level': 'c2VuaW9y',
  jti: 'V2_328241083756576771-at_328241083756642307',
  nbf: 1752142932,
  sub: '328124495426486275',
  'urn:zitadel:iam:org:project:328123197289398275:roles': {
    journalist: { '328123001365069827': 'mediahouse.dani.vm.infra.genogra.com' }
  },
  'urn:zitadel:iam:user:metadata': { experience_level: 'c2VuaW9y' }
}
[tokenRequired] User information attached to request object: {
  aud: [ '328123197289398275' ],
  client_id: 'loislane',
  exp: 1752186131,
  iat: 1752142932,
  iss: 'http://dani.vm.infra.genogra.com:8082',
  'journalist:experience_level': 'c2VuaW9y',
  jti: 'V2_328241083756576771-at_328241083756642307',
  nbf: 1752142932,
  sub: '328124495426486275',
  'urn:zitadel:iam:org:project:328123197289398275:roles': {
    journalist: { '328123001365069827': 'mediahouse.dani.vm.infra.genogra.com' }
  },
  'urn:zitadel:iam:user:metadata': { experience_level: 'c2VuaW9y' }
}
